[3.913s] Invoking command in '/home/prudy/Task4/ros2_ws/src/robot_arm_pkg': PYTHONPATH=/home/prudy/Task4/ros2_ws/build/robot_arm_pkg/prefix_override:/usr/lib/python3/dist-packages/colcon_core/task/python/colcon_distutils_commands:/home/prudy/Task4/ros2_ws/install/robot_arm_pkg/lib/python3.10/site-packages:${PYTHONPATH} /usr/bin/python3 -W ignore:setup.py install is deprecated -W ignore:easy_install command is deprecated setup.py egg_info --egg-base ../../build/robot_arm_pkg build --build-base /home/prudy/Task4/ros2_ws/build/robot_arm_pkg/build install --record /home/prudy/Task4/ros2_ws/build/robot_arm_pkg/install.log --single-version-externally-managed install_data
[4.748s] running egg_info
[4.751s] writing ../../build/robot_arm_pkg/robot_arm_pkg.egg-info/PKG-INFO
[4.752s] writing dependency_links to ../../build/robot_arm_pkg/robot_arm_pkg.egg-info/dependency_links.txt
[4.753s] writing entry points to ../../build/robot_arm_pkg/robot_arm_pkg.egg-info/entry_points.txt
[4.753s] writing requirements to ../../build/robot_arm_pkg/robot_arm_pkg.egg-info/requires.txt
[4.753s] writing top-level names to ../../build/robot_arm_pkg/robot_arm_pkg.egg-info/top_level.txt
[4.758s] reading manifest file '../../build/robot_arm_pkg/robot_arm_pkg.egg-info/SOURCES.txt'
[4.784s] writing manifest file '../../build/robot_arm_pkg/robot_arm_pkg.egg-info/SOURCES.txt'
[4.785s] running build
[4.786s] running build_py
[4.786s] running install
[4.789s] running install_lib
[4.793s] running install_data
[4.794s] running install_egg_info
[4.801s] removing '/home/prudy/Task4/ros2_ws/install/robot_arm_pkg/lib/python3.10/site-packages/robot_arm_pkg-0.0.0-py3.10.egg-info' (and everything under it)
[4.805s] Copying ../../build/robot_arm_pkg/robot_arm_pkg.egg-info to /home/prudy/Task4/ros2_ws/install/robot_arm_pkg/lib/python3.10/site-packages/robot_arm_pkg-0.0.0-py3.10.egg-info
[4.820s] running install_scripts
[4.888s] writing list of installed files to '/home/prudy/Task4/ros2_ws/build/robot_arm_pkg/install.log'
[4.994s] Invoked command in '/home/prudy/Task4/ros2_ws/src/robot_arm_pkg' returned '0': PYTHONPATH=/home/prudy/Task4/ros2_ws/build/robot_arm_pkg/prefix_override:/usr/lib/python3/dist-packages/colcon_core/task/python/colcon_distutils_commands:/home/prudy/Task4/ros2_ws/install/robot_arm_pkg/lib/python3.10/site-packages:${PYTHONPATH} /usr/bin/python3 -W ignore:setup.py install is deprecated -W ignore:easy_install command is deprecated setup.py egg_info --egg-base ../../build/robot_arm_pkg build --build-base /home/prudy/Task4/ros2_ws/build/robot_arm_pkg/build install --record /home/prudy/Task4/ros2_ws/build/robot_arm_pkg/install.log --single-version-externally-managed install_data
