[7.387s] DEBUG:colcon:Command line arguments: ['/usr/bin/colcon', 'build']
[7.387s] DEBUG:colcon:Parsed command line arguments: Namespace(log_base=None, log_level=None, verb_name='build', build_base='build', install_base='install', merge_install=False, symlink_install=False, test_result_base=None, continue_on_error=False, executor='parallel', parallel_workers=2, event_handlers=None, ignore_user_meta=False, metas=['./colcon.meta'], base_paths=['.'], packages_ignore=None, packages_ignore_regex=None, paths=None, packages_up_to=None, packages_up_to_regex=None, packages_above=None, packages_above_and_dependencies=None, packages_above_depth=None, packages_select_by_dep=None, packages_skip_by_dep=None, packages_skip_up_to=None, packages_select_build_failed=False, packages_skip_build_finished=False, packages_select_test_failures=False, packages_skip_test_passed=False, packages_select=None, packages_skip=None, packages_select_regex=None, packages_skip_regex=None, packages_start=None, packages_end=None, allow_overriding=[], cmake_args=None, cmake_target=None, cmake_target_skip_unavailable=False, cmake_clean_cache=False, cmake_clean_first=False, cmake_force_configure=False, ament_cmake_args=None, catkin_cmake_args=None, catkin_skip_building_tests=False, mixin_files=None, mixin=None, verb_parser=<colcon_mixin.mixin.mixin_argument.MixinArgumentDecorator object at 0x74dafc93f5b0>, verb_extension=<colcon_core.verb.build.BuildVerb object at 0x74dafc93ebf0>, main=<bound method BuildVerb.main of <colcon_core.verb.build.BuildVerb object at 0x74dafc93ebf0>>, mixin_verb=('build',))
[13.344s] Level 1:colcon.colcon_core.package_discovery:discover_packages(colcon_meta) check parameters
[13.345s] Level 1:colcon.colcon_core.package_discovery:discover_packages(recursive) check parameters
[13.345s] Level 1:colcon.colcon_core.package_discovery:discover_packages(ignore) check parameters
[13.345s] Level 1:colcon.colcon_core.package_discovery:discover_packages(path) check parameters
[13.345s] Level 1:colcon.colcon_core.package_discovery:discover_packages(colcon_meta) discover
[13.346s] Level 1:colcon.colcon_core.package_discovery:discover_packages(recursive) discover
[13.346s] INFO:colcon.colcon_core.package_discovery:Crawling recursively for packages in '/home/prudy/Task4/ros2_ws'
[13.346s] Level 1:colcon.colcon_core.package_identification:_identify(.) by extensions ['ignore', 'ignore_ament_install']
[13.347s] Level 1:colcon.colcon_core.package_identification:_identify(.) by extension 'ignore'
[13.347s] Level 1:colcon.colcon_core.package_identification:_identify(.) by extension 'ignore_ament_install'
[13.348s] Level 1:colcon.colcon_core.package_identification:_identify(.) by extensions ['colcon_pkg']
[13.348s] Level 1:colcon.colcon_core.package_identification:_identify(.) by extension 'colcon_pkg'
[13.349s] Level 1:colcon.colcon_core.package_identification:_identify(.) by extensions ['colcon_meta']
[13.349s] Level 1:colcon.colcon_core.package_identification:_identify(.) by extension 'colcon_meta'
[13.350s] Level 1:colcon.colcon_core.package_identification:_identify(.) by extensions ['ros']
[13.350s] Level 1:colcon.colcon_core.package_identification:_identify(.) by extension 'ros'
[13.486s] Level 1:colcon.colcon_core.package_identification:_identify(.) by extensions ['cmake', 'python']
[13.487s] Level 1:colcon.colcon_core.package_identification:_identify(.) by extension 'cmake'
[13.487s] Level 1:colcon.colcon_core.package_identification:_identify(.) by extension 'python'
[13.487s] Level 1:colcon.colcon_core.package_identification:_identify(.) by extensions ['python_setup_py']
[13.487s] Level 1:colcon.colcon_core.package_identification:_identify(.) by extension 'python_setup_py'
[13.487s] Level 1:colcon.colcon_core.package_identification:_identify(build) by extensions ['ignore', 'ignore_ament_install']
[13.488s] Level 1:colcon.colcon_core.package_identification:_identify(build) by extension 'ignore'
[13.488s] Level 1:colcon.colcon_core.package_identification:_identify(build) ignored
[13.488s] Level 1:colcon.colcon_core.package_identification:_identify(install) by extensions ['ignore', 'ignore_ament_install']
[13.488s] Level 1:colcon.colcon_core.package_identification:_identify(install) by extension 'ignore'
[13.488s] Level 1:colcon.colcon_core.package_identification:_identify(install) ignored
[13.489s] Level 1:colcon.colcon_core.package_identification:_identify(log) by extensions ['ignore', 'ignore_ament_install']
[13.490s] Level 1:colcon.colcon_core.package_identification:_identify(log) by extension 'ignore'
[13.490s] Level 1:colcon.colcon_core.package_identification:_identify(log) ignored
[13.490s] Level 1:colcon.colcon_core.package_identification:_identify(src) by extensions ['ignore', 'ignore_ament_install']
[13.491s] Level 1:colcon.colcon_core.package_identification:_identify(src) by extension 'ignore'
[13.491s] Level 1:colcon.colcon_core.package_identification:_identify(src) by extension 'ignore_ament_install'
[13.491s] Level 1:colcon.colcon_core.package_identification:_identify(src) by extensions ['colcon_pkg']
[13.491s] Level 1:colcon.colcon_core.package_identification:_identify(src) by extension 'colcon_pkg'
[13.491s] Level 1:colcon.colcon_core.package_identification:_identify(src) by extensions ['colcon_meta']
[13.491s] Level 1:colcon.colcon_core.package_identification:_identify(src) by extension 'colcon_meta'
[13.491s] Level 1:colcon.colcon_core.package_identification:_identify(src) by extensions ['ros']
[13.492s] Level 1:colcon.colcon_core.package_identification:_identify(src) by extension 'ros'
[13.492s] Level 1:colcon.colcon_core.package_identification:_identify(src) by extensions ['cmake', 'python']
[13.492s] Level 1:colcon.colcon_core.package_identification:_identify(src) by extension 'cmake'
[13.492s] Level 1:colcon.colcon_core.package_identification:_identify(src) by extension 'python'
[13.492s] Level 1:colcon.colcon_core.package_identification:_identify(src) by extensions ['python_setup_py']
[13.492s] Level 1:colcon.colcon_core.package_identification:_identify(src) by extension 'python_setup_py'
[13.492s] Level 1:colcon.colcon_core.package_discovery:discover_packages(recursive) using defaults
[13.492s] Level 1:colcon.colcon_core.package_discovery:discover_packages(ignore) discover
[13.493s] Level 1:colcon.colcon_core.package_discovery:discover_packages(ignore) using defaults
[13.493s] Level 1:colcon.colcon_core.package_discovery:discover_packages(path) discover
[13.493s] Level 1:colcon.colcon_core.package_discovery:discover_packages(path) using defaults
[14.170s] Level 1:colcon.colcon_core.package_discovery:discover_packages(prefix_path) check parameters
[14.170s] Level 1:colcon.colcon_core.package_discovery:discover_packages(prefix_path) discover
[14.387s] DEBUG:colcon.colcon_installed_package_information.package_discovery:Found 1 installed packages in /home/prudy/turtle_ws/install
[14.390s] DEBUG:colcon.colcon_installed_package_information.package_discovery:Found 3 installed packages in /home/prudy/ros2_ws/install
[14.395s] DEBUG:colcon.colcon_installed_package_information.package_discovery:Found 3 installed packages in /home/prudy/ros2_ws/src/install
[14.403s] DEBUG:colcon.colcon_installed_package_information.package_discovery:Found 276 installed packages in /opt/ros/humble
[14.411s] Level 1:colcon.colcon_core.package_discovery:discover_packages(prefix_path) using defaults
[14.746s] INFO:colcon.colcon_core.executor:Executing jobs using 'parallel' executor
[14.748s] DEBUG:colcon.colcon_parallel_executor.executor.parallel:run_until_complete
[14.748s] DEBUG:colcon.colcon_parallel_executor.executor.parallel:closing loop
[14.749s] DEBUG:colcon.colcon_parallel_executor.executor.parallel:loop closed
[14.749s] DEBUG:colcon.colcon_parallel_executor.executor.parallel:run_until_complete finished with '0'
[14.749s] DEBUG:colcon.colcon_core.event_reactor:joining thread
[14.799s] INFO:colcon.colcon_core.plugin_system:Skipping extension 'colcon_notification.desktop_notification.terminal_notifier': Not used on non-Darwin systems
[14.799s] INFO:colcon.colcon_core.plugin_system:Skipping extension 'colcon_notification.desktop_notification.win32': Not used on non-Windows systems
[14.799s] INFO:colcon.colcon_notification.desktop_notification:Sending desktop notification using 'notify2'
[16.242s] DEBUG:colcon.colcon_core.event_reactor:joined thread
[16.559s] INFO:colcon.colcon_core.plugin_system:Skipping extension 'colcon_core.shell.bat': Not used on non-Windows systems
[16.560s] INFO:colcon.colcon_core.shell:Creating prefix script '/home/prudy/Task4/ros2_ws/install/local_setup.ps1'
[16.571s] INFO:colcon.colcon_core.shell:Creating prefix util module '/home/prudy/Task4/ros2_ws/install/_local_setup_util_ps1.py'
[16.584s] INFO:colcon.colcon_core.shell:Creating prefix chain script '/home/prudy/Task4/ros2_ws/install/setup.ps1'
[16.591s] INFO:colcon.colcon_core.shell:Creating prefix script '/home/prudy/Task4/ros2_ws/install/local_setup.sh'
[16.595s] INFO:colcon.colcon_core.shell:Creating prefix util module '/home/prudy/Task4/ros2_ws/install/_local_setup_util_sh.py'
[16.597s] INFO:colcon.colcon_core.shell:Creating prefix chain script '/home/prudy/Task4/ros2_ws/install/setup.sh'
[16.602s] INFO:colcon.colcon_core.shell:Creating prefix script '/home/prudy/Task4/ros2_ws/install/local_setup.bash'
[16.615s] INFO:colcon.colcon_core.shell:Creating prefix chain script '/home/prudy/Task4/ros2_ws/install/setup.bash'
[16.620s] INFO:colcon.colcon_core.shell:Creating prefix script '/home/prudy/Task4/ros2_ws/install/local_setup.zsh'
[16.623s] INFO:colcon.colcon_core.shell:Creating prefix chain script '/home/prudy/Task4/ros2_ws/install/setup.zsh'
