running develop
Removing /home/prudy/Task4/ros2_ws/install/robot_arm_pkg/lib/python3.10/site-packages/robot-arm-pkg.egg-link (link to .)
running egg_info
writing ../../build/robot_arm_pkg/robot_arm_pkg.egg-info/PKG-INFO
writing dependency_links to ../../build/robot_arm_pkg/robot_arm_pkg.egg-info/dependency_links.txt
writing entry points to ../../build/robot_arm_pkg/robot_arm_pkg.egg-info/entry_points.txt
writing requirements to ../../build/robot_arm_pkg/robot_arm_pkg.egg-info/requires.txt
writing top-level names to ../../build/robot_arm_pkg/robot_arm_pkg.egg-info/top_level.txt
reading manifest file '../../build/robot_arm_pkg/robot_arm_pkg.egg-info/SOURCES.txt'
writing manifest file '../../build/robot_arm_pkg/robot_arm_pkg.egg-info/SOURCES.txt'
running build
running build_py
running install
running install_lib
creating /home/prudy/Task4/ros2_ws/install/robot_arm_pkg/lib/python3.10/site-packages/robot_arm_pkg
copying /home/prudy/Task4/ros2_ws/build/robot_arm_pkg/build/lib/robot_arm_pkg/__init__.py -> /home/prudy/Task4/ros2_ws/install/robot_arm_pkg/lib/python3.10/site-packages/robot_arm_pkg
byte-compiling /home/prudy/Task4/ros2_ws/install/robot_arm_pkg/lib/python3.10/site-packages/robot_arm_pkg/__init__.py to __init__.cpython-310.pyc
running install_data
copying resource/robot_arm_pkg -> /home/prudy/Task4/ros2_ws/install/robot_arm_pkg/share/ament_index/resource_index/packages
copying package.xml -> /home/prudy/Task4/ros2_ws/install/robot_arm_pkg/share/robot_arm_pkg
running install_egg_info
Copying ../../build/robot_arm_pkg/robot_arm_pkg.egg-info to /home/prudy/Task4/ros2_ws/install/robot_arm_pkg/lib/python3.10/site-packages/robot_arm_pkg-0.0.0-py3.10.egg-info
running install_scripts
writing list of installed files to '/home/prudy/Task4/ros2_ws/build/robot_arm_pkg/install.log'
