[0.772s] DEBUG:colcon:Command line arguments: ['/usr/bin/colcon', 'build']
[0.772s] DEBUG:colcon:Parsed command line arguments: Namespace(log_base=None, log_level=None, verb_name='build', build_base='build', install_base='install', merge_install=False, symlink_install=False, test_result_base=None, continue_on_error=False, executor='parallel', parallel_workers=2, event_handlers=None, ignore_user_meta=False, metas=['./colcon.meta'], base_paths=['.'], packages_ignore=None, packages_ignore_regex=None, paths=None, packages_up_to=None, packages_up_to_regex=None, packages_above=None, packages_above_and_dependencies=None, packages_above_depth=None, packages_select_by_dep=None, packages_skip_by_dep=None, packages_skip_up_to=None, packages_select_build_failed=False, packages_skip_build_finished=False, packages_select_test_failures=False, packages_skip_test_passed=False, packages_select=None, packages_skip=None, packages_select_regex=None, packages_skip_regex=None, packages_start=None, packages_end=None, allow_overriding=[], cmake_args=None, cmake_target=None, cmake_target_skip_unavailable=False, cmake_clean_cache=False, cmake_clean_first=False, cmake_force_configure=False, ament_cmake_args=None, catkin_cmake_args=None, catkin_skip_building_tests=False, mixin_files=None, mixin=None, verb_parser=<colcon_mixin.mixin.mixin_argument.MixinArgumentDecorator object at 0x73a99155f580>, verb_extension=<colcon_core.verb.build.BuildVerb object at 0x73a99155ebc0>, main=<bound method BuildVerb.main of <colcon_core.verb.build.BuildVerb object at 0x73a99155ebc0>>, mixin_verb=('build',))
[4.298s] Level 1:colcon.colcon_core.package_discovery:discover_packages(colcon_meta) check parameters
[4.299s] Level 1:colcon.colcon_core.package_discovery:discover_packages(recursive) check parameters
[4.299s] Level 1:colcon.colcon_core.package_discovery:discover_packages(ignore) check parameters
[4.299s] Level 1:colcon.colcon_core.package_discovery:discover_packages(path) check parameters
[4.299s] Level 1:colcon.colcon_core.package_discovery:discover_packages(colcon_meta) discover
[4.299s] Level 1:colcon.colcon_core.package_discovery:discover_packages(recursive) discover
[4.299s] INFO:colcon.colcon_core.package_discovery:Crawling recursively for packages in '/home/prudy/Task4/ros2_ws'
[4.299s] Level 1:colcon.colcon_core.package_identification:_identify(.) by extensions ['ignore', 'ignore_ament_install']
[4.300s] Level 1:colcon.colcon_core.package_identification:_identify(.) by extension 'ignore'
[4.300s] Level 1:colcon.colcon_core.package_identification:_identify(.) by extension 'ignore_ament_install'
[4.300s] Level 1:colcon.colcon_core.package_identification:_identify(.) by extensions ['colcon_pkg']
[4.300s] Level 1:colcon.colcon_core.package_identification:_identify(.) by extension 'colcon_pkg'
[4.300s] Level 1:colcon.colcon_core.package_identification:_identify(.) by extensions ['colcon_meta']
[4.300s] Level 1:colcon.colcon_core.package_identification:_identify(.) by extension 'colcon_meta'
[4.301s] Level 1:colcon.colcon_core.package_identification:_identify(.) by extensions ['ros']
[4.301s] Level 1:colcon.colcon_core.package_identification:_identify(.) by extension 'ros'
[4.436s] Level 1:colcon.colcon_core.package_identification:_identify(.) by extensions ['cmake', 'python']
[4.437s] Level 1:colcon.colcon_core.package_identification:_identify(.) by extension 'cmake'
[4.437s] Level 1:colcon.colcon_core.package_identification:_identify(.) by extension 'python'
[4.437s] Level 1:colcon.colcon_core.package_identification:_identify(.) by extensions ['python_setup_py']
[4.437s] Level 1:colcon.colcon_core.package_identification:_identify(.) by extension 'python_setup_py'
[4.437s] Level 1:colcon.colcon_core.package_identification:_identify(build) by extensions ['ignore', 'ignore_ament_install']
[4.438s] Level 1:colcon.colcon_core.package_identification:_identify(build) by extension 'ignore'
[4.438s] Level 1:colcon.colcon_core.package_identification:_identify(build) ignored
[4.438s] Level 1:colcon.colcon_core.package_identification:_identify(install) by extensions ['ignore', 'ignore_ament_install']
[4.438s] Level 1:colcon.colcon_core.package_identification:_identify(install) by extension 'ignore'
[4.438s] Level 1:colcon.colcon_core.package_identification:_identify(install) ignored
[4.439s] Level 1:colcon.colcon_core.package_identification:_identify(log) by extensions ['ignore', 'ignore_ament_install']
[4.439s] Level 1:colcon.colcon_core.package_identification:_identify(log) by extension 'ignore'
[4.439s] Level 1:colcon.colcon_core.package_identification:_identify(log) ignored
[4.439s] Level 1:colcon.colcon_core.package_identification:_identify(src) by extensions ['ignore', 'ignore_ament_install']
[4.439s] Level 1:colcon.colcon_core.package_identification:_identify(src) by extension 'ignore'
[4.440s] Level 1:colcon.colcon_core.package_identification:_identify(src) by extension 'ignore_ament_install'
[4.442s] Level 1:colcon.colcon_core.package_identification:_identify(src) by extensions ['colcon_pkg']
[4.442s] Level 1:colcon.colcon_core.package_identification:_identify(src) by extension 'colcon_pkg'
[4.443s] Level 1:colcon.colcon_core.package_identification:_identify(src) by extensions ['colcon_meta']
[4.443s] Level 1:colcon.colcon_core.package_identification:_identify(src) by extension 'colcon_meta'
[4.443s] Level 1:colcon.colcon_core.package_identification:_identify(src) by extensions ['ros']
[4.443s] Level 1:colcon.colcon_core.package_identification:_identify(src) by extension 'ros'
[4.443s] Level 1:colcon.colcon_core.package_identification:_identify(src) by extensions ['cmake', 'python']
[4.443s] Level 1:colcon.colcon_core.package_identification:_identify(src) by extension 'cmake'
[4.443s] Level 1:colcon.colcon_core.package_identification:_identify(src) by extension 'python'
[4.443s] Level 1:colcon.colcon_core.package_identification:_identify(src) by extensions ['python_setup_py']
[4.446s] Level 1:colcon.colcon_core.package_identification:_identify(src) by extension 'python_setup_py'
[4.447s] Level 1:colcon.colcon_core.package_identification:_identify(src/robot_arm_pkg) by extensions ['ignore', 'ignore_ament_install']
[4.447s] Level 1:colcon.colcon_core.package_identification:_identify(src/robot_arm_pkg) by extension 'ignore'
[4.447s] Level 1:colcon.colcon_core.package_identification:_identify(src/robot_arm_pkg) by extension 'ignore_ament_install'
[4.447s] Level 1:colcon.colcon_core.package_identification:_identify(src/robot_arm_pkg) by extensions ['colcon_pkg']
[4.447s] Level 1:colcon.colcon_core.package_identification:_identify(src/robot_arm_pkg) by extension 'colcon_pkg'
[4.448s] Level 1:colcon.colcon_core.package_identification:_identify(src/robot_arm_pkg) by extensions ['colcon_meta']
[4.448s] Level 1:colcon.colcon_core.package_identification:_identify(src/robot_arm_pkg) by extension 'colcon_meta'
[4.448s] Level 1:colcon.colcon_core.package_identification:_identify(src/robot_arm_pkg) by extensions ['ros']
[4.448s] Level 1:colcon.colcon_core.package_identification:_identify(src/robot_arm_pkg) by extension 'ros'
[4.487s] DEBUG:colcon.colcon_core.package_identification:Package 'src/robot_arm_pkg' with type 'ros.ament_python' and name 'robot_arm_pkg'
[4.487s] Level 1:colcon.colcon_core.package_discovery:discover_packages(recursive) using defaults
[4.489s] Level 1:colcon.colcon_core.package_discovery:discover_packages(ignore) discover
[4.489s] Level 1:colcon.colcon_core.package_discovery:discover_packages(ignore) using defaults
[4.489s] Level 1:colcon.colcon_core.package_discovery:discover_packages(path) discover
[4.489s] Level 1:colcon.colcon_core.package_discovery:discover_packages(path) using defaults
[4.658s] Level 1:colcon.colcon_core.package_discovery:discover_packages(prefix_path) check parameters
[4.659s] Level 1:colcon.colcon_core.package_discovery:discover_packages(prefix_path) discover
[4.771s] DEBUG:colcon.colcon_installed_package_information.package_discovery:Found 1 installed packages in /home/prudy/turtle_ws/install
[4.775s] DEBUG:colcon.colcon_installed_package_information.package_discovery:Found 3 installed packages in /home/prudy/ros2_ws/install
[4.779s] DEBUG:colcon.colcon_installed_package_information.package_discovery:Found 3 installed packages in /home/prudy/ros2_ws/src/install
[4.791s] DEBUG:colcon.colcon_installed_package_information.package_discovery:Found 276 installed packages in /opt/ros/humble
[4.804s] Level 1:colcon.colcon_core.package_discovery:discover_packages(prefix_path) using defaults
[5.175s] Level 5:colcon.colcon_core.verb:set package 'robot_arm_pkg' build argument 'cmake_args' from command line to 'None'
[5.175s] Level 5:colcon.colcon_core.verb:set package 'robot_arm_pkg' build argument 'cmake_target' from command line to 'None'
[5.177s] Level 5:colcon.colcon_core.verb:set package 'robot_arm_pkg' build argument 'cmake_target_skip_unavailable' from command line to 'False'
[5.178s] Level 5:colcon.colcon_core.verb:set package 'robot_arm_pkg' build argument 'cmake_clean_cache' from command line to 'False'
[5.178s] Level 5:colcon.colcon_core.verb:set package 'robot_arm_pkg' build argument 'cmake_clean_first' from command line to 'False'
[5.178s] Level 5:colcon.colcon_core.verb:set package 'robot_arm_pkg' build argument 'cmake_force_configure' from command line to 'False'
[5.178s] Level 5:colcon.colcon_core.verb:set package 'robot_arm_pkg' build argument 'ament_cmake_args' from command line to 'None'
[5.178s] Level 5:colcon.colcon_core.verb:set package 'robot_arm_pkg' build argument 'catkin_cmake_args' from command line to 'None'
[5.178s] Level 5:colcon.colcon_core.verb:set package 'robot_arm_pkg' build argument 'catkin_skip_building_tests' from command line to 'False'
[5.178s] DEBUG:colcon.colcon_core.verb:Building package 'robot_arm_pkg' with the following arguments: {'ament_cmake_args': None, 'build_base': '/home/prudy/Task4/ros2_ws/build/robot_arm_pkg', 'catkin_cmake_args': None, 'catkin_skip_building_tests': False, 'cmake_args': None, 'cmake_clean_cache': False, 'cmake_clean_first': False, 'cmake_force_configure': False, 'cmake_target': None, 'cmake_target_skip_unavailable': False, 'install_base': '/home/prudy/Task4/ros2_ws/install/robot_arm_pkg', 'merge_install': False, 'path': '/home/prudy/Task4/ros2_ws/src/robot_arm_pkg', 'symlink_install': False, 'test_result_base': None}
[5.179s] INFO:colcon.colcon_core.executor:Executing jobs using 'parallel' executor
[5.184s] DEBUG:colcon.colcon_parallel_executor.executor.parallel:run_until_complete
[5.187s] INFO:colcon.colcon_ros.task.ament_python.build:Building ROS package in '/home/prudy/Task4/ros2_ws/src/robot_arm_pkg' with build type 'ament_python'
[5.189s] Level 1:colcon.colcon_core.shell:create_environment_hook('robot_arm_pkg', 'ament_prefix_path')
[5.252s] INFO:colcon.colcon_core.plugin_system:Skipping extension 'colcon_core.shell.bat': Not used on non-Windows systems
[5.253s] INFO:colcon.colcon_core.shell:Creating environment hook '/home/prudy/Task4/ros2_ws/install/robot_arm_pkg/share/robot_arm_pkg/hook/ament_prefix_path.ps1'
[5.265s] INFO:colcon.colcon_core.shell:Creating environment descriptor '/home/prudy/Task4/ros2_ws/install/robot_arm_pkg/share/robot_arm_pkg/hook/ament_prefix_path.dsv'
[5.274s] INFO:colcon.colcon_core.shell:Creating environment hook '/home/prudy/Task4/ros2_ws/install/robot_arm_pkg/share/robot_arm_pkg/hook/ament_prefix_path.sh'
[5.279s] INFO:colcon.colcon_core.shell:Skip shell extension 'powershell' for command environment: Not usable outside of PowerShell
[5.280s] DEBUG:colcon.colcon_core.shell:Skip shell extension 'dsv' for command environment
[7.087s] INFO:colcon.colcon_core.task.python.build:Building Python package in '/home/prudy/Task4/ros2_ws/src/robot_arm_pkg'
[7.089s] INFO:colcon.colcon_core.shell:Skip shell extension 'powershell' for command environment: Not usable outside of PowerShell
[7.089s] DEBUG:colcon.colcon_core.shell:Skip shell extension 'dsv' for command environment
[10.673s] DEBUG:colcon.colcon_core.event_handler.log_command:Invoking command in '/home/prudy/Task4/ros2_ws/build/robot_arm_pkg': PYTHONPATH=/home/prudy/Task4/ros2_ws/build/robot_arm_pkg/prefix_override:/usr/lib/python3/dist-packages/colcon_core/task/python/colcon_distutils_commands:/home/prudy/Task4/ros2_ws/install/robot_arm_pkg/lib/python3.10/site-packages:${PYTHONPATH} /usr/bin/python3 -W ignore:setup.py install is deprecated -W ignore:easy_install command is deprecated setup.py develop --uninstall --editable --build-directory /home/prudy/Task4/ros2_ws/build/robot_arm_pkg/build
[13.659s] DEBUG:colcon.colcon_core.event_handler.log_command:Invoked command in '/home/prudy/Task4/ros2_ws/build/robot_arm_pkg' returned '0': PYTHONPATH=/home/prudy/Task4/ros2_ws/build/robot_arm_pkg/prefix_override:/usr/lib/python3/dist-packages/colcon_core/task/python/colcon_distutils_commands:/home/prudy/Task4/ros2_ws/install/robot_arm_pkg/lib/python3.10/site-packages:${PYTHONPATH} /usr/bin/python3 -W ignore:setup.py install is deprecated -W ignore:easy_install command is deprecated setup.py develop --uninstall --editable --build-directory /home/prudy/Task4/ros2_ws/build/robot_arm_pkg/build
[13.668s] DEBUG:colcon.colcon_core.event_handler.log_command:Invoking command in '/home/prudy/Task4/ros2_ws/src/robot_arm_pkg': PYTHONPATH=/home/prudy/Task4/ros2_ws/build/robot_arm_pkg/prefix_override:/usr/lib/python3/dist-packages/colcon_core/task/python/colcon_distutils_commands:/home/prudy/Task4/ros2_ws/install/robot_arm_pkg/lib/python3.10/site-packages:${PYTHONPATH} /usr/bin/python3 -W ignore:setup.py install is deprecated -W ignore:easy_install command is deprecated setup.py egg_info --egg-base ../../build/robot_arm_pkg build --build-base /home/prudy/Task4/ros2_ws/build/robot_arm_pkg/build install --record /home/prudy/Task4/ros2_ws/build/robot_arm_pkg/install.log --single-version-externally-managed install_data --force
[15.298s] DEBUG:colcon.colcon_core.event_handler.log_command:Invoked command in '/home/prudy/Task4/ros2_ws/src/robot_arm_pkg' returned '0': PYTHONPATH=/home/prudy/Task4/ros2_ws/build/robot_arm_pkg/prefix_override:/usr/lib/python3/dist-packages/colcon_core/task/python/colcon_distutils_commands:/home/prudy/Task4/ros2_ws/install/robot_arm_pkg/lib/python3.10/site-packages:${PYTHONPATH} /usr/bin/python3 -W ignore:setup.py install is deprecated -W ignore:easy_install command is deprecated setup.py egg_info --egg-base ../../build/robot_arm_pkg build --build-base /home/prudy/Task4/ros2_ws/build/robot_arm_pkg/build install --record /home/prudy/Task4/ros2_ws/build/robot_arm_pkg/install.log --single-version-externally-managed install_data --force
[15.386s] Level 1:colcon.colcon_core.environment:checking '/home/prudy/Task4/ros2_ws/install/robot_arm_pkg' for CMake module files
[15.387s] Level 1:colcon.colcon_core.environment:checking '/home/prudy/Task4/ros2_ws/install/robot_arm_pkg' for CMake config files
[15.391s] Level 1:colcon.colcon_core.environment:checking '/home/prudy/Task4/ros2_ws/install/robot_arm_pkg/lib'
[15.391s] Level 1:colcon.colcon_core.environment:checking '/home/prudy/Task4/ros2_ws/install/robot_arm_pkg/bin'
[15.391s] Level 1:colcon.colcon_core.environment:checking '/home/prudy/Task4/ros2_ws/install/robot_arm_pkg/lib/pkgconfig/robot_arm_pkg.pc'
[15.395s] Level 1:colcon.colcon_core.environment:checking '/home/prudy/Task4/ros2_ws/install/robot_arm_pkg/lib/python3.10/site-packages'
[15.396s] Level 1:colcon.colcon_core.shell:create_environment_hook('robot_arm_pkg', 'pythonpath')
[15.397s] INFO:colcon.colcon_core.shell:Creating environment hook '/home/prudy/Task4/ros2_ws/install/robot_arm_pkg/share/robot_arm_pkg/hook/pythonpath.ps1'
[15.402s] INFO:colcon.colcon_core.shell:Creating environment descriptor '/home/prudy/Task4/ros2_ws/install/robot_arm_pkg/share/robot_arm_pkg/hook/pythonpath.dsv'
[15.405s] INFO:colcon.colcon_core.shell:Creating environment hook '/home/prudy/Task4/ros2_ws/install/robot_arm_pkg/share/robot_arm_pkg/hook/pythonpath.sh'
[15.410s] Level 1:colcon.colcon_core.environment:checking '/home/prudy/Task4/ros2_ws/install/robot_arm_pkg/bin'
[15.410s] Level 1:colcon.colcon_core.environment:create_environment_scripts_only(robot_arm_pkg)
[15.411s] INFO:colcon.colcon_core.shell:Creating package script '/home/prudy/Task4/ros2_ws/install/robot_arm_pkg/share/robot_arm_pkg/package.ps1'
[15.425s] INFO:colcon.colcon_core.shell:Creating package descriptor '/home/prudy/Task4/ros2_ws/install/robot_arm_pkg/share/robot_arm_pkg/package.dsv'
[15.432s] INFO:colcon.colcon_core.shell:Creating package script '/home/prudy/Task4/ros2_ws/install/robot_arm_pkg/share/robot_arm_pkg/package.sh'
[15.436s] INFO:colcon.colcon_core.shell:Creating package script '/home/prudy/Task4/ros2_ws/install/robot_arm_pkg/share/robot_arm_pkg/package.bash'
[15.447s] INFO:colcon.colcon_core.shell:Creating package script '/home/prudy/Task4/ros2_ws/install/robot_arm_pkg/share/robot_arm_pkg/package.zsh'
[15.450s] Level 1:colcon.colcon_core.environment:create_file_with_runtime_dependencies(/home/prudy/Task4/ros2_ws/install/robot_arm_pkg/share/colcon-core/packages/robot_arm_pkg)
[15.451s] DEBUG:colcon.colcon_parallel_executor.executor.parallel:closing loop
[15.451s] DEBUG:colcon.colcon_parallel_executor.executor.parallel:loop closed
[15.451s] DEBUG:colcon.colcon_parallel_executor.executor.parallel:run_until_complete finished with '0'
[15.451s] DEBUG:colcon.colcon_core.event_reactor:joining thread
[15.506s] INFO:colcon.colcon_core.plugin_system:Skipping extension 'colcon_notification.desktop_notification.terminal_notifier': Not used on non-Darwin systems
[15.506s] INFO:colcon.colcon_core.plugin_system:Skipping extension 'colcon_notification.desktop_notification.win32': Not used on non-Windows systems
[15.506s] INFO:colcon.colcon_notification.desktop_notification:Sending desktop notification using 'notify2'
[15.619s] DEBUG:colcon.colcon_core.event_reactor:joined thread
[15.620s] INFO:colcon.colcon_core.shell:Creating prefix script '/home/prudy/Task4/ros2_ws/install/local_setup.ps1'
[15.624s] INFO:colcon.colcon_core.shell:Creating prefix util module '/home/prudy/Task4/ros2_ws/install/_local_setup_util_ps1.py'
[15.634s] INFO:colcon.colcon_core.shell:Creating prefix chain script '/home/prudy/Task4/ros2_ws/install/setup.ps1'
[15.645s] INFO:colcon.colcon_core.shell:Creating prefix script '/home/prudy/Task4/ros2_ws/install/local_setup.sh'
[15.649s] INFO:colcon.colcon_core.shell:Creating prefix util module '/home/prudy/Task4/ros2_ws/install/_local_setup_util_sh.py'
[15.655s] INFO:colcon.colcon_core.shell:Creating prefix chain script '/home/prudy/Task4/ros2_ws/install/setup.sh'
[15.667s] INFO:colcon.colcon_core.shell:Creating prefix script '/home/prudy/Task4/ros2_ws/install/local_setup.bash'
[15.670s] INFO:colcon.colcon_core.shell:Creating prefix chain script '/home/prudy/Task4/ros2_ws/install/setup.bash'
[15.686s] INFO:colcon.colcon_core.shell:Creating prefix script '/home/prudy/Task4/ros2_ws/install/local_setup.zsh'
[15.688s] INFO:colcon.colcon_core.shell:Creating prefix chain script '/home/prudy/Task4/ros2_ws/install/setup.zsh'
